// Jest Snapshot v1, https://goo.gl/fbAQLP

exports[`RepoCommits Test Suite Snapshot 1`] = `
<div>
  <div
    className="sc-bxivhb bqVlmP"
  >
    <div>
      <h1
        className="sc-bwzfXH bJRMPj"
        fontSize={18}
      >
        <a
          href="https://github.com/Gympass/react-native-svg-uri/commit/942a765b53662936679b8119ed4533d972298d2a"
          target="_blank"
        >
          942a765b53662936679b8119ed4533d972298d2a
        </a>
      </h1>
      <p
        className="sc-htpNat jewUiJ"
        height={120}
      >
        Workaround empty child
      </p>
    </div>
    <div>
      <span
        className="sc-bdVaJa iDsqdx"
        fontSize={16}
      >
        Pedro Bullo Junior
      </span>
      <span
        className="sc-bdVaJa iDsqdx"
        fontSize={16}
      >
         - 
      </span>
      <span
        className="sc-bdVaJa iDsqdx"
        fontSize={16}
      >
        Mon, Jan 21, 2019 8:59 PM
      </span>
    </div>
  </div>
  <div
    className="sc-bxivhb bqVlmP"
  >
    <div>
      <h1
        className="sc-bwzfXH bJRMPj"
        fontSize={18}
      >
        <a
          href="https://github.com/Gympass/react-native-svg-uri/commit/c6841a6e7d1a6ee5cf5b515d4faea6002e166f3c"
          target="_blank"
        >
          c6841a6e7d1a6ee5cf5b515d4faea6002e166f3c
        </a>
      </h1>
      <p
        className="sc-htpNat jewUiJ"
        height={120}
      >
        Merge pull request #100 from nesc58/masteFix: Text elements / transform + clipPath attribute added
      </p>
    </div>
    <div>
      <span
        className="sc-bdVaJa iDsqdx"
        fontSize={16}
      >
        matc4
      </span>
      <span
        className="sc-bdVaJa iDsqdx"
        fontSize={16}
      >
         - 
      </span>
      <span
        className="sc-bdVaJa iDsqdx"
        fontSize={16}
      >
        Thu, Sep 13, 2018 9:34 AM
      </span>
    </div>
  </div>
</div>
`;
